// Jest Snapshot v1, https://goo.gl/fbAQLP

exports[`<Main /> should render the heading 1`] = `
.c0 {
  background-color: #06092b;
  color: #fff;
  width: 100%;
  height: 100%;
  display: -webkit-box;
  display: -webkit-flex;
  display: -ms-flexbox;
  display: flex;
  -webkit-flex-direction: column;
  -ms-flex-direction: column;
  flex-direction: column;
  text-align: center;
  -webkit-align-items: center;
  -webkit-box-align: center;
  -ms-flex-align: center;
  align-items: center;
  -webkit-box-pack: center;
  -webkit-justify-content: center;
  -ms-flex-pack: center;
  justify-content: center;
  padding: 3rem;
}

.c1 {
  width: 25rem;
}

.c2 {
  font-size: 2.5rem;
  padding: 2rem;
}

<div>
  <main
    class="c0"
  >
    <img
      alt="React Boilerplate Logo"
      class="c1"
      src="/img/logo.svg"
    />
    <h1
      class="c2"
    >
      React Boilerplate
    </h1>
    <h2
      class="styles__Description-sc-19t6oi2-3"
    >
      TypeScript, ReactJS, NextJS e Styled Components
    </h2>
  </main>
</div>
`
